// Jest Snapshot v1, https://goo.gl/fbAQLP

exports[`FourOhFour 1`] = `
<div>
  <div
    class="head-space"
  >
    <h3>
      Oops, that address is not a thing I understand.
    </h3>
    <p>
      <a
        href="/"
      >
        Head to the homepage and try again.
      </a>
    </p>
  </div>
</div>
`;
