// Jest Snapshot v1, https://goo.gl/fbAQLP

exports[`Login 1`] = `
<div>
  <div
    class="headspace"
  >
    <div>
      <div
        class="personal-space"
      >
        <button
          class="btn btn-primary"
          type="button"
        >
          Login with Google
        </button>
      </div>
    </div>
    <div>
      <div
        class="personal-space"
      >
        <p
          class="head-space"
        >
          Sign in with email
        </p>
        <form
          class=""
        >
          <div
            class="form-row"
          >
            <label
              class="form-label"
            >
              Your email
            </label>
            <input
              autocomplete="username"
              class="form-control form-bottomspace form-control"
              id="signin_email"
              value=""
            />
            <label
              class="form-label"
            >
              Password
            </label>
            <input
              autocomplete="current-password"
              class="form-control form-bottomspace form-control"
              id="signin_password"
              type="password"
              value=""
            />
            <button
              class="btn btn-primary"
              type="button"
            >
              Sign in
            </button>
          </div>
        </form>
      </div>
      <hr />
    </div>
    <div
      class="personal-space"
    >
      <p
        class="head-space"
      >
        Or, sign up with email 
      </p>
      <form
        class=""
      >
        <div
          class="form-row"
        >
          <label
            class="form-label"
          >
            Your name
          </label>
          <input
            class="form-control form-bottomspace form-control"
            id="signup_name"
            value=""
          />
        </div>
        <div
          class="form-row"
        >
          <label
            class="form-label"
          >
            Your email
          </label>
          <input
            autocomplete="username"
            class="form-control form-bottomspace form-control"
            id="signup_email"
            value=""
          />
        </div>
        <div
          class="form-row"
        >
          <label
            class="form-label"
          >
            Password
          </label>
          <input
            autocomplete="current-password"
            class="form-control form-bottomspace form-control"
            id="signup_password"
            type="password"
            value=""
          />
        </div>
        <div
          class="form-row"
        >
          <button
            class="btn btn-primary"
            type="button"
          >
            Sign up
          </button>
        </div>
      </form>
    </div>
  </div>
</div>
`;
