// Jest Snapshot v1, https://goo.gl/fbAQLP

exports[`Profile 1`] = `
<div>
  <div
    class="page"
  >
    <div
      class="head-space"
    >
      <h3>
        Your profile
      </h3>
      <p>
        Bob
      </p>
      <div>
        <img
          src="foo.com/biteMe.jpg"
          width="100px"
        />
      </div>
    </div>
  </div>
</div>
`;
