// Jest Snapshot v1, https://goo.gl/fbAQLP

exports[`Sound 1`] = `
<div>
  <div
    class="headspace"
  >
    <h3>
      <span />
      <span
        class="hilite"
      >
        /i:/
      </span>
      <span />
       
       - 
      <span>
        long 
      </span>
      <span
        class="hilite"
      >
        e
      </span>
      <span>
         ‘s
      </span>
      <span
        class="hilite"
      >
        ee
      </span>
      <span>
        ’
      </span>
       
    </h3>
    <hr />
    <h1>
      Pronunciation activities for long ‘e’
    </h1>
    <div>
      <div>
        <a
          class="chip activity-open"
          href="/sound/long-e/how-to-pronounce"
          title="How to pronounce"
        >
          How to pronounce
        </a>
        <a
          class="chip activity-open"
          href="/sound/long-e/movie"
          title="Movie"
        >
          Movie
        </a>
        <a
          class="chip activity-open"
          href="/sound/long-e/words"
          title="Words"
        >
          Words
        </a>
        <a
          class="chip activity-open"
          href="/sound/long-e/phrases"
          title="Phrases"
        >
          Phrases
        </a>
        <a
          class="chip activity-open"
          href="/sound/long-e/dialogues"
          title="Dialogues"
        >
          Dialogues
        </a>
        <a
          class="chip activity-open"
          href="/sound/long-e/common-words"
          title="Common words"
        >
          Common words
        </a>
        <a
          class="chip activity-open"
          href="/sound/long-e/tongue-twisters"
          title="Tongue twisters"
        >
          Tongue twisters
        </a>
        <a
          class="chip activity-open"
          href="/sound/long-e/minimal-pairs"
          title="Minimal pairs"
        >
          Minimal pairs
        </a>
        <a
          class="chip activity-pending"
          href="/sound/long-e/sort-the-words"
          title="Sort the words"
        >
          Sort the words
        </a>
        <a
          class="chip activity-locked"
          href="/sound/long-e/odd-one-out"
          title="Odd one out"
        >
          Odd one out
        </a>
        <a
          class="chip activity-pending"
          href="/sound/long-e/rhyming-words"
          title="Rhyming words"
        >
          Rhyming words
        </a>
        <a
          class="chip activity-pending"
          href="/sound/long-e/count-the-sounds"
          title="Count the sounds"
        >
          Count the sounds
        </a>
        <a
          class="chip activity-locked"
          href="/sound/long-e/beginner-news-stories"
          title="Beginner news stories"
        >
          Beginner news stories
        </a>
        <a
          class="chip activity-locked"
          href="/sound/long-e/intermediate-news-stories"
          title="Intermediate news stories"
        >
          Intermediate news stories
        </a>
        <a
          class="chip activity-locked"
          href="/sound/long-e/words-maze"
          title="Words maze"
        >
          Words maze
        </a>
      </div>
    </div>
    <hr />
  </div>
</div>
`;
