// Jest Snapshot v1, https://goo.gl/fbAQLP

exports[`ActivityButtons 1`] = `
<div>
  <div>
    <a
      class="chip activity-undefined"
      href="/sound/bob/foo"
      title="Foo"
    >
      Foo
    </a>
    <a
      class="chip activity-undefined"
      href="/sound/bob/bar"
      title="Bar"
    >
      Bar
    </a>
    <a
      class="chip activity-undefined"
      href="/sound/bob/baz"
      title="Baz"
    >
      Baz
    </a>
    <a
      class="chip activity-undefined"
      href="/sound/bob/quox"
      title="Quox"
    >
      Quox
    </a>
    <a
      class="chip activity-undefined"
      href="/sound/bob/apple"
      title="Apple"
    >
      Apple
    </a>
    <a
      class="chip activity-undefined"
      href="/sound/bob/banana"
      title="Banana"
    >
      Banana
    </a>
    <a
      class="chip activity-undefined"
      href="/sound/bob/chad"
      title="Chad"
    >
      Chad
    </a>
    <a
      class="chip activity-undefined"
      href="/sound/bob/elle"
      title="Elle"
    >
      Elle
    </a>
  </div>
</div>
`;
