// Jest Snapshot v1, https://goo.gl/fbAQLP

exports[`Cell 1`] = `
<table>
  <tbody>
    <tr>
      <td
        class="cell cell-hilite-bg"
      >
        <p
          class="correct-text"
        >
          rabbit
        </p>
      </td>
    </tr>
  </tbody>
</table>
`;

exports[`Cell with hilite 1`] = `
<table>
  <tbody>
    <tr>
      <td
        class="cell cell-hilite-bg"
      >
        <p
          class="correct-text"
        >
          rabbit
        </p>
      </td>
    </tr>
  </tbody>
</table>
`;
