// Jest Snapshot v1, https://goo.gl/fbAQLP

exports[`Cell 1`] = `
<table>
  <tbody>
    <tr>
      <td
        class="cell hilite"
      >
        <p>
          <span>
            rabbit
          </span>
           
        </p>
      </td>
    </tr>
  </tbody>
</table>
`;

exports[`Cell with hilite 1`] = `
<table>
  <tbody>
    <tr>
      <td
        class="cell hilite"
      >
        <p>
          <span>
            rabbit
          </span>
           
        </p>
      </td>
    </tr>
  </tbody>
</table>
`;
