// Jest Snapshot v1, https://goo.gl/fbAQLP

exports[`CommonWords 1`] = `
<div>
  <div
    class="headspace"
  >
    <h3>
      Common words with 
      <span>
        a:
      </span>
       
    </h3>
    <div
      class="sub-canvas"
    >
      <table
        class="table"
      >
        <tbody>
          <tr>
            <td
              class="cell padded-cell"
            >
              <p
                class="large-text"
              >
                <span>
                  foo
                </span>
                 
              </p>
            </td>
            <td
              class="cell padded-cell"
            >
              <p
                class="large-text"
              >
                <span>
                  bar
                </span>
                 
              </p>
            </td>
            <td
              class="cell padded-cell"
            >
              <p
                class="large-text"
              >
                <span>
                  baz
                </span>
                 
              </p>
            </td>
          </tr>
          <tr>
            <td
              class="cell padded-cell"
            >
              <p
                class="large-text"
              >
                <span>
                  quox
                </span>
                 
              </p>
            </td>
            <td
              class="cell padded-cell"
            >
              <p
                class="large-text"
              >
                <span>
                  apple
                </span>
                 
              </p>
            </td>
            <td
              class="cell padded-cell"
            >
              <p
                class="large-text"
              >
                <span>
                  banana
                </span>
                 
              </p>
            </td>
          </tr>
          <tr>
            <td
              class="cell padded-cell"
            >
              <p
                class="large-text"
              >
                <span>
                  chad
                </span>
                 
              </p>
            </td>
            <td
              class="cell padded-cell"
            >
              <p
                class="large-text"
              >
                <span>
                  elle
                </span>
                 
              </p>
            </td>
          </tr>
        </tbody>
      </table>
    </div>
  </div>
</div>
`;
