// Jest Snapshot v1, https://goo.gl/fbAQLP

exports[`FindTheWords 1`] = `
<div>
  <div
    class="headspace"
  >
    <h3>
      Select the words with an 
      <span>
        a:
      </span>
       
      sound
    </h3>
    <p>
      Find the correct sound. Say the words and select those with the ~a vowel sound. Once you get a word, it is replaced with a more challenging word. Can you find all the words before your time runs out? You can click on words to hear the pronunciation. Find the words helps you recognise and pronounce the vowel sounds of common English words.
    </p>
    <div
      class="incorrect"
    >
      <div
        class="cursor-pointer"
      >
        <div
          class="tile"
        >
          <p
            class="large-text"
          >
            <span>
              foo
            </span>
          </p>
        </div>
      </div>
      <div
        class="cursor-pointer"
      >
        <div
          class="tile"
        >
          <p
            class="large-text"
          >
            <span>
              bar
            </span>
          </p>
        </div>
      </div>
      <div
        class="cursor-pointer"
      >
        <div
          class="tile"
        >
          <p
            class="large-text"
          >
            <span>
              baz
            </span>
          </p>
        </div>
      </div>
      <div
        class="cursor-pointer"
      >
        <div
          class="tile"
        >
          <p
            class="large-text"
          >
            <span>
              quox
            </span>
          </p>
        </div>
      </div>
      <div
        class="cursor-pointer"
      >
        <div
          class="tile"
        >
          <p
            class="large-text"
          >
            <span>
              apple
            </span>
          </p>
        </div>
      </div>
      <div
        class="cursor-pointer"
      >
        <div
          class="tile"
        >
          <p
            class="large-text"
          >
            <span>
              banana
            </span>
          </p>
        </div>
      </div>
      <div
        class="cursor-pointer"
      >
        <div
          class="tile"
        >
          <p
            class="large-text"
          >
            <span>
              chad
            </span>
          </p>
        </div>
      </div>
      <div
        class="cursor-pointer"
      >
        <div
          class="tile"
        >
          <p
            class="large-text"
          >
            <span>
              elle
            </span>
          </p>
        </div>
      </div>
      <div
        class="clear-float"
      />
    </div>
  </div>
</div>
`;
