// Jest Snapshot v1, https://goo.gl/fbAQLP

exports[`MinimalPairs 1`] = `
<div>
  <div
    class="headspace"
  >
    <h3>
      English  minimal pairs with dork - 
      <span>
        a:
      </span>
       
    </h3>
    <div>
      <table
        class="table"
      >
        <tbody>
          <tr>
            <td
              class="cell"
            >
              <p
                class="largeText"
              >
                <span>
                  fat
                </span>
                 
              </p>
            </td>
            <td
              class="cell"
            >
              <p
                class="largeText"
              >
                <span>
                  cat
                </span>
                 
              </p>
            </td>
          </tr>
          <tr>
            <td
              class="cell"
            >
              <p
                class="largeText"
              >
                <span>
                  happy
                </span>
                 
              </p>
            </td>
            <td
              class="cell"
            >
              <p
                class="largeText"
              >
                <span>
                  dog
                </span>
                 
              </p>
            </td>
          </tr>
        </tbody>
      </table>
    </div>
  </div>
</div>
`;
