// Jest Snapshot v1, https://goo.gl/fbAQLP

exports[`NavBar 1`] = `
<div>
  <div
    class="makeStyles-root-1"
  >
    <header
      class="MuiPaper-root MuiPaper-elevation4 MuiAppBar-root MuiAppBar-positionStatic MuiAppBar-colorPrimary"
    >
      <div
        class="MuiToolbar-root MuiToolbar-regular MuiToolbar-gutters"
      >
        <h6
          class="MuiTypography-root makeStyles-flex-2 MuiTypography-subtitle1"
        >
          <a
            aria-disabled="false"
            class="MuiButtonBase-root MuiButton-root MuiButton-text"
            href="/"
            role="button"
            tabindex="0"
          >
            <span
              class="MuiButton-label"
            >
              <span
                class="makeStyles-white-5"
              >
                Pronounce Web
              </span>
            </span>
            <span
              class="MuiTouchRipple-root"
            />
          </a>
        </h6>
        <a
          aria-disabled="false"
          class="MuiButtonBase-root MuiButton-root MuiButton-text MuiButton-colorInherit"
          href="/login"
          role="button"
          tabindex="0"
        >
          <span
            class="MuiButton-label"
          >
            Sign In or Up
          </span>
          <span
            class="MuiTouchRipple-root"
          />
        </a>
      </div>
    </header>
  </div>
</div>
`;
