// Jest Snapshot v1, https://goo.gl/fbAQLP

exports[`Pending 1`] = `
<div>
  <div
    class="makeStyles-headspace-1"
  >
    <div
      class="MuiPaper-root MuiPaper-elevation1 MuiPaper-rounded"
    >
      <h5
        class="MuiTypography-root makeStyles-personalSpace-3 MuiTypography-h5 MuiTypography-gutterBottom"
      >
        Bob's Burgers - activity coming soon
      </h5>
    </div>
  </div>
</div>
`;
