// Jest Snapshot v1, https://goo.gl/fbAQLP

exports[`Phoneme 1`] = `
<div>
  <div
    class="headspace"
  >
    <div
      class="mini-canvas"
    >
      <h3>
        <span>
          <span>
            z:!
          </span>
           
           – 
          <span>
            Long Zorro
          </span>
           
        </span>
      </h3>
      <p>
        Example words containing short ‘a’
      </p>
      <p
        class="larger-text"
      >
        <span>
          zoo
        </span>
         
        <span>
          zork
        </span>
         
        <span>
          zorb
        </span>
         
      </p>
      <a
        class="undecorated"
        href="/sound/long-z"
      >
        <h5>
          Click to learn more about the zzzz sound
        </h5>
      </a>
    </div>
  </div>
</div>
`;
