// Jest Snapshot v1, https://goo.gl/fbAQLP

exports[`Tile 1`] = `
<div>
  <div
    class="cursor-pointer"
  >
    <div
      class="tile correct-bg"
    >
      <p
        class="large-text"
      >
        <span
          class="correct-bg"
        >
          Grease
        </span>
      </p>
    </div>
  </div>
</div>
`;
