// Jest Snapshot v1, https://goo.gl/fbAQLP

exports[`Dialogues 1`] = `
<div>
  <div
    class="headspace"
  >
    <h3>
      Short dialogues using 
      <span>
        a:
      </span>
       
    </h3>
    <div
      class="sub-canvas"
    >
      <ul
        class="list-group"
      >
        <li
          class="tight-text list-group-item text-left"
        >
          <span>
            foo
          </span>
           
        </li>
        <li
          class="tight-text list-group-item text-right"
        >
          <span>
            bar
          </span>
           
        </li>
        <li
          class="tight-text list-group-item text-left"
        >
          <span>
            baz
          </span>
           
        </li>
        <li
          class="tight-text list-group-item text-right"
        >
          <span>
            quox
          </span>
           
        </li>
      </ul>
    </div>
    <div
      class="sub-canvas"
    >
      <ul
        class="list-group"
      >
        <li
          class="tight-text list-group-item text-left"
        >
          <span>
            apple
          </span>
           
        </li>
        <li
          class="tight-text list-group-item text-right"
        >
          <span>
            banana
          </span>
           
        </li>
        <li
          class="tight-text list-group-item text-left"
        >
          <span>
            chad
          </span>
           
        </li>
        <li
          class="tight-text list-group-item text-right"
        >
          <span>
            elle
          </span>
           
        </li>
      </ul>
    </div>
  </div>
</div>
`;
