// Jest Snapshot v1, https://goo.gl/fbAQLP

exports[`HowToPronounce 1`] = `
<div>
  <div
    class="headspace"
  >
    <h3>
      How to pronounce 
      <span>
        a:
      </span>
       
    </h3>
    <div
      class="sub-canvas"
    >
      <div
        class="row"
      >
        <div
          class="col"
        >
          <div
            class="padded"
          >
            <h5>
              image
            </h5>
          </div>
        </div>
        <div
          class="align-self-center col"
        >
          <ul
            class="list-group"
          >
            <li
              class="list-group-item"
            >
              foo
            </li>
            <li
              class="list-group-item"
            >
              bar
            </li>
          </ul>
        </div>
      </div>
    </div>
  </div>
</div>
`;
