// Jest Snapshot v1, https://goo.gl/fbAQLP

exports[`Movie 1`] = `
<div>
  <div
    class="head-space"
  >
    <h3>
      English Pronunciation movie for 
      <span>
        a:
      </span>
       
    </h3>
    <img
      class="full-width"
      src="/assets/images/movie-english-pronounce-coming-soon.jpg"
    />
  </div>
</div>
`;
