// Jest Snapshot v1, https://goo.gl/fbAQLP

exports[`Movie 1`] = `
<div>
  <div
    class="head-space"
  >
    <h3>
      English Pronunciation movie for 
      <span>
        a:
      </span>
       
    </h3>
    <img
      alt="Pronouncing a:"
      class="full-width"
      src="https://foo.com/movie.mpg"
    />
  </div>
</div>
`;
