// Jest Snapshot v1, https://goo.gl/fbAQLP

exports[`Phrases 1`] = `
<div>
  <div
    class="head-space"
  >
    <h3>
      Phrases using 
      <span>
        z!
      </span>
       
    </h3>
    <div
      class="sub-canvas"
    >
      <table
        class="table"
      >
        <tbody>
          <tr>
            <td>
              <p
                class="large-text"
              >
                <span>
                  0
                </span>
                 
              </p>
            </td>
            <td>
              <p
                class="large-text"
              >
                <span>
                  Zork my fork
                </span>
                 
              </p>
            </td>
          </tr>
          <tr>
            <td>
              <p
                class="large-text"
              >
                <span>
                  1
                </span>
                 
              </p>
            </td>
            <td>
              <p
                class="large-text"
              >
                <span>
                  Zoinks, who three that?
                </span>
                 
              </p>
            </td>
          </tr>
        </tbody>
      </table>
    </div>
  </div>
</div>
`;
