// Jest Snapshot v1, https://goo.gl/fbAQLP

exports[`SayTheSentences 1`] = `
<div>
  <div
    class="headspace"
  >
    <h3>
      Say the 
      <span>
        c
      </span>
      <span
        class="hilite"
      >
        a
      </span>
      <span>
        t
      </span>
       
       sentences
    </h3>
    <div
      class="sub-canvas personal-space"
    >
      <p
        class="no-margin-bottom"
      >
        my ~hat~ has ears
      </p>
    </div>
    <div
      class="sub-canvas personal-space"
    >
      <p
        class="no-margin-bottom"
      >
        My ~ca~t does not
      </p>
    </div>
  </div>
</div>
`;
