// Jest Snapshot v1, https://goo.gl/fbAQLP

exports[`Words 1`] = `
<div>
  <div
    class="headspace"
  >
    <h3>
      Words using 
      <span>
        Pirate
      </span>
       
    </h3>
    <div>
      <table
        class="table"
      >
        <tbody>
          <tr>
            <td>
              <p
                class="large-text"
              >
                <span>
                  0
                </span>
                 
              </p>
            </td>
            <td>
              <p
                class="large-text"
              >
                <span>
                  car
                </span>
                 
              </p>
            </td>
          </tr>
          <tr>
            <td>
              <p
                class="large-text"
              >
                <span>
                  1
                </span>
                 
              </p>
            </td>
            <td>
              <p
                class="large-text"
              >
                <span>
                  cat
                </span>
                 
              </p>
            </td>
          </tr>
          <tr>
            <td>
              <p
                class="large-text"
              >
                <span>
                  2
                </span>
                 
              </p>
            </td>
            <td>
              <p
                class="large-text"
              >
                <span>
                  cad
                </span>
                 
              </p>
            </td>
          </tr>
          <tr>
            <td>
              <p
                class="large-text"
              >
                <span>
                  3
                </span>
                 
              </p>
            </td>
            <td>
              <p
                class="large-text"
              >
                <span>
                  cap
                </span>
                 
              </p>
            </td>
          </tr>
        </tbody>
      </table>
    </div>
  </div>
</div>
`;
